INNOCAP+ckav001@LAP-PF3XVMC1 MINGW64 /c/Learning_course/git-demo/demo-one (master)
$ git add -A
warning: in the working copy of 'test.txt', LF will be replaced by CRLF the next time Git touches it
warning: in the working copy of 'test.txt.save', LF will be replaced by CRLF the next time Git touches it

INNOCAP+ckav001@LAP-PF3XVMC1 MINGW64 /c/Learning_course/git-demo/demo-one (master)
$ git add -a
error: unknown switch `a'
usage: git add [<options>] [--] <pathspec>...

    -n, --dry-run         dry run
    -v, --verbose         be verbose

    -i, --interactive     interactive picking
    -p, --patch           select hunks interactively
    -e, --edit            edit current diff and apply
    -f, --force           allow adding otherwise ignored files
    -u, --update          update tracked files
    --renormalize         renormalize EOL of tracked files (implies -u)
    -N, --intent-to-add   record only the fact that the path will be added later
    -A, --all             add changes from all tracked and untracked files
    --ignore-removal      ignore paths removed in the working tree (same as --no-all)
    --refresh             don't add, only refresh the index
    --ignore-errors       just skip files which cannot be added because of errors
    --ignore-missing      check if - even missing - files are ignored in dry run
    --sparse              allow updating entries outside of the sparse-checkout cone
    --chmod (+|-)x        override the executable bit of the listed files
    --pathspec-from-file <file>
                          read pathspec from file
    --pathspec-file-nul   with --pathspec-from-file, pathspec elements are separated with NUL character


INNOCAP+ckav001@LAP-PF3XVMC1 MINGW64 /c/Learning_course/git-demo/demo-one (master)
$ git add -A

INNOCAP+ckav001@LAP-PF3XVMC1 MINGW64 /c/Learning_course/git-demo/demo-one (master)
$ git commit -m 'first commit'
[master (root-commit) 7d28530] first commit
 2 files changed, 10 insertions(+)
 create mode 100644 test.txt
 create mode 100644 test.txt.save

INNOCAP+ckav001@LAP-PF3XVMC1 MINGW64 /c/Learning_course/git-demo/demo-one (master)
$ git status
On branch master
nothing to commit, working tree clean

INNOCAP+ckav001@LAP-PF3XVMC1 MINGW64 /c/Learning_course/git-demo/demo-one (master)
$ git branch -m main

INNOCAP+ckav001@LAP-PF3XVMC1 MINGW64 /c/Learning_course/git-demo/demo-one (main)
$ git stauts
git: 'stauts' is not a git command. See 'git --help'.

The most similar command is
        status

INNOCAP+ckav001@LAP-PF3XVMC1 MINGW64 /c/Learning_course/git-demo/demo-one (main)
$ git status
On branch main
nothing to commit, working tree clean

INNOCAP+ckav001@LAP-PF3XVMC1 MINGW64 /c/Learning_course/git-demo/demo-one (main)
$ create a new repository of demo-one in github and paste command
bash: create: command not found

INNOCAP+ckav001@LAP-PF3XVMC1 MINGW64 /c/Learning_course/git-demo/demo-one (main)
$ git remote add origin git@github.com:kaveen14/demo-one.git

INNOCAP+ckav001@LAP-PF3XVMC1 MINGW64 /c/Learning_course/git-demo/demo-one (main)
$ git push origin main
Enter passphrase for key '/c/Users/ckav001/.ssh/id_rsa':
Enumerating objects: 4, done.
Counting objects: 100% (4/4), done.
Delta compression using up to 12 threads
Compressing objects: 100% (2/2), done.
Writing objects: 100% (4/4), 273 bytes | 136.00 KiB/s, done.
Total 4 (delta 0), reused 0 (delta 0), pack-reused 0
To github.com:kaveen14/demo-one.git
 * [new branch]      main -> main

INNOCAP+ckav001@LAP-PF3XVMC1 MINGW64 /c/Learning_course/git-demo/demo-one (main)
$
